Analysis & Synthesis report for de0nano_embedding
Tue Apr 03 21:42:56 2018
Quartus II 64-Bit Version 15.0.2 Build 153 07/15/2015 SJ Web Edition


---------------------
; Table of Contents ;
---------------------
  1. Legal Notice
  2. Analysis & Synthesis Summary
  3. Analysis & Synthesis Settings
  4. Parallel Compilation
  5. Analysis & Synthesis Source Files Read
  6. Analysis & Synthesis Resource Usage Summary
  7. Analysis & Synthesis Resource Utilization by Entity
  8. User-Specified and Inferred Latches
  9. General Register Statistics
 10. Multiplexer Restructuring Statistics (Restructuring Performed)
 11. Parameter Settings for User Entity Instance: alp:inst2|simple_reg_we:inst3
 12. Parameter Settings for User Entity Instance: alp:inst2|mux_4to1_differentcontrols:inst14
 13. Parameter Settings for User Entity Instance: alp:inst2|demultiplexer1_3:inst19
 14. Parameter Settings for User Entity Instance: alp:inst2|simple_reg_we:inst2
 15. Parameter Settings for User Entity Instance: alp:inst2|mux_4to1_differentcontrols:inst15
 16. Parameter Settings for User Entity Instance: alp:inst2|demultiplexer1_3:inst111
 17. Parameter Settings for User Entity Instance: alp:inst2|constant_value_generator:inst12
 18. Parameter Settings for User Entity Instance: alp:inst2|alu:inst
 19. Parameter Settings for User Entity Instance: control_unit:inst
 20. Post-Synthesis Netlist Statistics for Top Partition
 21. Elapsed Time Per Partition
 22. Analysis & Synthesis Messages
 23. Analysis & Synthesis Suppressed Messages



----------------
; Legal Notice ;
----------------
Copyright (C) 1991-2015 Altera Corporation. All rights reserved.
Your use of Altera Corporation's design tools, logic functions 
and other software and tools, and its AMPP partner logic 
functions, and any output files from any of the foregoing 
(including device programming or simulation files), and any 
associated documentation or information are expressly subject 
to the terms and conditions of the Altera Program License 
Subscription Agreement, the Altera Quartus II License Agreement,
the Altera MegaCore Function License Agreement, or other 
applicable license agreement, including, without limitation, 
that your use is for the sole purpose of programming logic 
devices manufactured by Altera and sold by Altera or its 
authorized distributors.  Please refer to the applicable 
agreement for further details.



+---------------------------------------------------------------------------------+
; Analysis & Synthesis Summary                                                    ;
+------------------------------------+--------------------------------------------+
; Analysis & Synthesis Status        ; Successful - Tue Apr 03 21:42:56 2018      ;
; Quartus II 64-Bit Version          ; 15.0.2 Build 153 07/15/2015 SJ Web Edition ;
; Revision Name                      ; de0nano_embedding                          ;
; Top-level Entity Name              ; overall                                    ;
; Family                             ; Cyclone IV E                               ;
; Total logic elements               ; 557                                        ;
;     Total combinational functions  ; 557                                        ;
;     Dedicated logic registers      ; 51                                         ;
; Total registers                    ; 51                                         ;
; Total pins                         ; 31                                         ;
; Total virtual pins                 ; 0                                          ;
; Total memory bits                  ; 0                                          ;
; Embedded Multiplier 9-bit elements ; 0                                          ;
; Total PLLs                         ; 0                                          ;
+------------------------------------+--------------------------------------------+


+----------------------------------------------------------------------------------------------------------------------+
; Analysis & Synthesis Settings                                                                                        ;
+----------------------------------------------------------------------------+--------------------+--------------------+
; Option                                                                     ; Setting            ; Default Value      ;
+----------------------------------------------------------------------------+--------------------+--------------------+
; Device                                                                     ; EP4CE22F17C6       ;                    ;
; Top-level entity name                                                      ; overall            ; de0nano_embedding  ;
; Family name                                                                ; Cyclone IV E       ; Cyclone V          ;
; Use smart compilation                                                      ; Off                ; Off                ;
; Enable parallel Assembler and TimeQuest Timing Analyzer during compilation ; On                 ; On                 ;
; Enable compact report table                                                ; Off                ; Off                ;
; Restructure Multiplexers                                                   ; Auto               ; Auto               ;
; Create Debugging Nodes for IP Cores                                        ; Off                ; Off                ;
; Preserve fewer node names                                                  ; On                 ; On                 ;
; Disable OpenCore Plus hardware evaluation                                  ; Off                ; Off                ;
; Verilog Version                                                            ; Verilog_2001       ; Verilog_2001       ;
; VHDL Version                                                               ; VHDL_1993          ; VHDL_1993          ;
; State Machine Processing                                                   ; Auto               ; Auto               ;
; Safe State Machine                                                         ; Off                ; Off                ;
; Extract Verilog State Machines                                             ; On                 ; On                 ;
; Extract VHDL State Machines                                                ; On                 ; On                 ;
; Ignore Verilog initial constructs                                          ; Off                ; Off                ;
; Iteration limit for constant Verilog loops                                 ; 5000               ; 5000               ;
; Iteration limit for non-constant Verilog loops                             ; 250                ; 250                ;
; Add Pass-Through Logic to Inferred RAMs                                    ; On                 ; On                 ;
; Infer RAMs from Raw Logic                                                  ; On                 ; On                 ;
; Parallel Synthesis                                                         ; On                 ; On                 ;
; DSP Block Balancing                                                        ; Auto               ; Auto               ;
; NOT Gate Push-Back                                                         ; On                 ; On                 ;
; Power-Up Don't Care                                                        ; On                 ; On                 ;
; Remove Redundant Logic Cells                                               ; Off                ; Off                ;
; Remove Duplicate Registers                                                 ; On                 ; On                 ;
; Ignore CARRY Buffers                                                       ; Off                ; Off                ;
; Ignore CASCADE Buffers                                                     ; Off                ; Off                ;
; Ignore GLOBAL Buffers                                                      ; Off                ; Off                ;
; Ignore ROW GLOBAL Buffers                                                  ; Off                ; Off                ;
; Ignore LCELL Buffers                                                       ; Off                ; Off                ;
; Ignore SOFT Buffers                                                        ; On                 ; On                 ;
; Limit AHDL Integers to 32 Bits                                             ; Off                ; Off                ;
; Optimization Technique                                                     ; Balanced           ; Balanced           ;
; Carry Chain Length                                                         ; 70                 ; 70                 ;
; Auto Carry Chains                                                          ; On                 ; On                 ;
; Auto Open-Drain Pins                                                       ; On                 ; On                 ;
; Perform WYSIWYG Primitive Resynthesis                                      ; Off                ; Off                ;
; Auto ROM Replacement                                                       ; On                 ; On                 ;
; Auto RAM Replacement                                                       ; On                 ; On                 ;
; Auto DSP Block Replacement                                                 ; On                 ; On                 ;
; Auto Shift Register Replacement                                            ; Auto               ; Auto               ;
; Allow Shift Register Merging across Hierarchies                            ; Auto               ; Auto               ;
; Auto Clock Enable Replacement                                              ; On                 ; On                 ;
; Strict RAM Replacement                                                     ; Off                ; Off                ;
; Allow Synchronous Control Signals                                          ; On                 ; On                 ;
; Force Use of Synchronous Clear Signals                                     ; Off                ; Off                ;
; Auto RAM Block Balancing                                                   ; On                 ; On                 ;
; Auto RAM to Logic Cell Conversion                                          ; Off                ; Off                ;
; Auto Resource Sharing                                                      ; Off                ; Off                ;
; Allow Any RAM Size For Recognition                                         ; Off                ; Off                ;
; Allow Any ROM Size For Recognition                                         ; Off                ; Off                ;
; Allow Any Shift Register Size For Recognition                              ; Off                ; Off                ;
; Use LogicLock Constraints during Resource Balancing                        ; On                 ; On                 ;
; Ignore translate_off and synthesis_off directives                          ; Off                ; Off                ;
; Timing-Driven Synthesis                                                    ; On                 ; On                 ;
; Report Parameter Settings                                                  ; On                 ; On                 ;
; Report Source Assignments                                                  ; On                 ; On                 ;
; Report Connectivity Checks                                                 ; On                 ; On                 ;
; Ignore Maximum Fan-Out Assignments                                         ; Off                ; Off                ;
; Synchronization Register Chain Length                                      ; 2                  ; 2                  ;
; PowerPlay Power Optimization During Synthesis                              ; Normal compilation ; Normal compilation ;
; HDL message level                                                          ; Level2             ; Level2             ;
; Suppress Register Optimization Related Messages                            ; Off                ; Off                ;
; Number of Removed Registers Reported in Synthesis Report                   ; 5000               ; 5000               ;
; Number of Swept Nodes Reported in Synthesis Report                         ; 5000               ; 5000               ;
; Number of Inverted Registers Reported in Synthesis Report                  ; 100                ; 100                ;
; Clock MUX Protection                                                       ; On                 ; On                 ;
; Auto Gated Clock Conversion                                                ; Off                ; Off                ;
; Block Design Naming                                                        ; Auto               ; Auto               ;
; SDC constraint protection                                                  ; Off                ; Off                ;
; Synthesis Effort                                                           ; Auto               ; Auto               ;
; Shift Register Replacement - Allow Asynchronous Clear Signal               ; On                 ; On                 ;
; Pre-Mapping Resynthesis Optimization                                       ; Off                ; Off                ;
; Analysis & Synthesis Message Level                                         ; Medium             ; Medium             ;
; Disable Register Merging Across Hierarchies                                ; Auto               ; Auto               ;
; Resource Aware Inference For Block RAM                                     ; On                 ; On                 ;
; Synthesis Seed                                                             ; 1                  ; 1                  ;
+----------------------------------------------------------------------------+--------------------+--------------------+


+------------------------------------------+
; Parallel Compilation                     ;
+----------------------------+-------------+
; Processors                 ; Number      ;
+----------------------------+-------------+
; Number detected on machine ; 4           ;
; Maximum allowed            ; 2           ;
;                            ;             ;
; Average used               ; 1.00        ;
; Maximum used               ; 2           ;
;                            ;             ;
; Usage by Processor         ; % Time Used ;
;     Processor 1            ; 100.0%      ;
;     Processor 2            ; < 0.1%      ;
;     Processors 3-4         ;   0.0%      ;
+----------------------------+-------------+


+---------------------------------------------------------------------------------------------------------------------------------------------------------------------------------------+
; Analysis & Synthesis Source Files Read                                                                                                                                                ;
+----------------------------------+-----------------+------------------------------------+-----------------------------------------------------------------------------------+---------+
; File Name with User-Entered Path ; Used in Netlist ; File Type                          ; File Name with Absolute Path                                                      ; Library ;
+----------------------------------+-----------------+------------------------------------+-----------------------------------------------------------------------------------+---------+
; simple_reg_we.v                  ; yes             ; User Verilog HDL File              ; C:/Users/KaanFurkan/Desktop/lab2/laboratory_practice/simple_reg_we.v              ;         ;
; constant_value_generator.v       ; yes             ; User Verilog HDL File              ; C:/Users/KaanFurkan/Desktop/lab2/laboratory_practice/constant_value_generator.v   ;         ;
; alu.v                            ; yes             ; User Verilog HDL File              ; C:/Users/KaanFurkan/Desktop/lab2/laboratory_practice/alu.v                        ;         ;
; multiplier.v                     ; yes             ; User Verilog HDL File              ; C:/Users/KaanFurkan/Desktop/lab2/laboratory_practice/multiplier.v                 ;         ;
; divider.v                        ; yes             ; User Verilog HDL File              ; C:/Users/KaanFurkan/Desktop/lab2/laboratory_practice/divider.v                    ;         ;
; mux_4to1_differentcontrols.v     ; yes             ; User Verilog HDL File              ; C:/Users/KaanFurkan/Desktop/lab2/laboratory_practice/mux_4to1_differentcontrols.v ;         ;
; alp.bdf                          ; yes             ; User Block Diagram/Schematic File  ; C:/Users/KaanFurkan/Desktop/lab2/laboratory_practice/alp.bdf                      ;         ;
; demultiplexer1_3.v               ; yes             ; User Verilog HDL File              ; C:/Users/KaanFurkan/Desktop/lab2/laboratory_practice/demultiplexer1_3.v           ;         ;
; control_unit.v                   ; yes             ; User Verilog HDL File              ; C:/Users/KaanFurkan/Desktop/lab2/laboratory_practice/control_unit.v               ;         ;
; overall.bdf                      ; yes             ; User Block Diagram/Schematic File  ; C:/Users/KaanFurkan/Desktop/lab2/laboratory_practice/overall.bdf                  ;         ;
+----------------------------------+-----------------+------------------------------------+-----------------------------------------------------------------------------------+---------+


+---------------------------------------------------------+
; Analysis & Synthesis Resource Usage Summary             ;
+---------------------------------------------+-----------+
; Resource                                    ; Usage     ;
+---------------------------------------------+-----------+
; Estimated Total logic elements              ; 557       ;
;                                             ;           ;
; Total combinational functions               ; 557       ;
; Logic element usage by number of LUT inputs ;           ;
;     -- 4 input functions                    ; 76        ;
;     -- 3 input functions                    ; 352       ;
;     -- <=2 input functions                  ; 129       ;
;                                             ;           ;
; Logic elements by mode                      ;           ;
;     -- normal mode                          ; 344       ;
;     -- arithmetic mode                      ; 213       ;
;                                             ;           ;
; Total registers                             ; 51        ;
;     -- Dedicated logic registers            ; 51        ;
;     -- I/O registers                        ; 0         ;
;                                             ;           ;
; I/O pins                                    ; 31        ;
;                                             ;           ;
; Embedded Multiplier 9-bit elements          ; 0         ;
;                                             ;           ;
; Maximum fan-out node                        ; clk~input ;
; Maximum fan-out                             ; 51        ;
; Total fan-out                               ; 1786      ;
; Average fan-out                             ; 2.67      ;
+---------------------------------------------+-----------+


+-----------------------------------------------------------------------------------------------------------------------------------------------------------------------------------------------------------+
; Analysis & Synthesis Resource Utilization by Entity                                                                                                                                                       ;
+----------------------------------+-------------------+--------------+-------------+--------------+---------+-----------+------+--------------+---------------------------------------------+--------------+
; Compilation Hierarchy Node       ; LC Combinationals ; LC Registers ; Memory Bits ; DSP Elements ; DSP 9x9 ; DSP 18x18 ; Pins ; Virtual Pins ; Full Hierarchy Name                         ; Library Name ;
+----------------------------------+-------------------+--------------+-------------+--------------+---------+-----------+------+--------------+---------------------------------------------+--------------+
; |overall                         ; 557 (0)           ; 51 (0)       ; 0           ; 0            ; 0       ; 0         ; 31   ; 0            ; |overall                                    ; work         ;
;    |alp:inst2|                   ; 552 (2)           ; 49 (0)       ; 0           ; 0            ; 0       ; 0         ; 0    ; 0            ; |overall|alp:inst2                          ; work         ;
;       |alu:inst|                 ; 32 (32)           ; 0 (0)        ; 0           ; 0            ; 0       ; 0         ; 0    ; 0            ; |overall|alp:inst2|alu:inst                 ; work         ;
;       |demultiplexer1_3:inst111| ; 24 (24)           ; 0 (0)        ; 0           ; 0            ; 0       ; 0         ; 0    ; 0            ; |overall|alp:inst2|demultiplexer1_3:inst111 ; work         ;
;       |demultiplexer1_3:inst19|  ; 25 (25)           ; 0 (0)        ; 0           ; 0            ; 0       ; 0         ; 0    ; 0            ; |overall|alp:inst2|demultiplexer1_3:inst19  ; work         ;
;       |divider:inst5|            ; 225 (225)         ; 17 (17)      ; 0           ; 0            ; 0       ; 0         ; 0    ; 0            ; |overall|alp:inst2|divider:inst5            ; work         ;
;       |multiplier:inst4|         ; 180 (180)         ; 16 (16)      ; 0           ; 0            ; 0       ; 0         ; 0    ; 0            ; |overall|alp:inst2|multiplier:inst4         ; work         ;
;       |simple_reg_we:inst2|      ; 28 (28)           ; 8 (8)        ; 0           ; 0            ; 0       ; 0         ; 0    ; 0            ; |overall|alp:inst2|simple_reg_we:inst2      ; work         ;
;       |simple_reg_we:inst3|      ; 36 (36)           ; 8 (8)        ; 0           ; 0            ; 0       ; 0         ; 0    ; 0            ; |overall|alp:inst2|simple_reg_we:inst3      ; work         ;
;    |control_unit:inst|           ; 5 (5)             ; 2 (2)        ; 0           ; 0            ; 0       ; 0         ; 0    ; 0            ; |overall|control_unit:inst                  ; work         ;
+----------------------------------+-------------------+--------------+-------------+--------------+---------+-----------+------+--------------+---------------------------------------------+--------------+
Note: For table entries with two numbers listed, the numbers in parentheses indicate the number of resources of the given type used by the specific entity alone. The numbers listed outside of parentheses indicate the total resources of the given type used by the specific entity and all of its sub-entities in the hierarchy.


+---------------------------------------------------------------------------------------------------------------------------+
; User-Specified and Inferred Latches                                                                                       ;
+-----------------------------------------------------+--------------------------------------------+------------------------+
; Latch Name                                          ; Latch Enable Signal                        ; Free of Timing Hazards ;
+-----------------------------------------------------+--------------------------------------------+------------------------+
; alp:inst2|demultiplexer1_3:inst111|dout3[7]         ; control_unit:inst|Y[1]                     ; yes                    ;
; alp:inst2|demultiplexer1_3:inst19|dout3[7]          ; control_unit:inst|Y[1]                     ; yes                    ;
; alp:inst2|demultiplexer1_3:inst111|dout3[6]         ; control_unit:inst|Y[1]                     ; yes                    ;
; alp:inst2|demultiplexer1_3:inst19|dout3[6]          ; control_unit:inst|Y[1]                     ; yes                    ;
; alp:inst2|demultiplexer1_3:inst111|dout3[5]         ; control_unit:inst|Y[1]                     ; yes                    ;
; alp:inst2|demultiplexer1_3:inst19|dout3[5]          ; control_unit:inst|Y[1]                     ; yes                    ;
; alp:inst2|demultiplexer1_3:inst111|dout3[4]         ; control_unit:inst|Y[1]                     ; yes                    ;
; alp:inst2|demultiplexer1_3:inst19|dout3[4]          ; control_unit:inst|Y[1]                     ; yes                    ;
; alp:inst2|demultiplexer1_3:inst111|dout3[3]         ; control_unit:inst|Y[1]                     ; yes                    ;
; alp:inst2|demultiplexer1_3:inst19|dout3[3]          ; control_unit:inst|Y[1]                     ; yes                    ;
; alp:inst2|demultiplexer1_3:inst111|dout3[2]         ; control_unit:inst|Y[1]                     ; yes                    ;
; alp:inst2|demultiplexer1_3:inst19|dout3[2]          ; control_unit:inst|Y[1]                     ; yes                    ;
; alp:inst2|demultiplexer1_3:inst111|dout3[1]         ; control_unit:inst|Y[1]                     ; yes                    ;
; alp:inst2|demultiplexer1_3:inst19|dout3[1]          ; control_unit:inst|Y[1]                     ; yes                    ;
; alp:inst2|demultiplexer1_3:inst111|dout3[0]         ; control_unit:inst|Y[1]                     ; yes                    ;
; alp:inst2|demultiplexer1_3:inst19|dout3[0]          ; control_unit:inst|Y[1]                     ; yes                    ;
; alp:inst2|demultiplexer1_3:inst19|dout1[7]          ; control_unit:inst|always0                  ; yes                    ;
; alp:inst2|demultiplexer1_3:inst111|dout1[7]         ; control_unit:inst|always0                  ; yes                    ;
; alp:inst2|demultiplexer1_3:inst111|dout1[6]         ; control_unit:inst|always0                  ; yes                    ;
; alp:inst2|demultiplexer1_3:inst111|dout1[5]         ; control_unit:inst|always0                  ; yes                    ;
; alp:inst2|demultiplexer1_3:inst111|dout1[4]         ; control_unit:inst|always0                  ; yes                    ;
; alp:inst2|demultiplexer1_3:inst111|dout1[3]         ; control_unit:inst|always0                  ; yes                    ;
; alp:inst2|demultiplexer1_3:inst111|dout1[2]         ; control_unit:inst|always0                  ; yes                    ;
; alp:inst2|demultiplexer1_3:inst111|dout1[1]         ; control_unit:inst|always0                  ; yes                    ;
; alp:inst2|demultiplexer1_3:inst111|dout1[0]         ; control_unit:inst|always0                  ; yes                    ;
; alp:inst2|demultiplexer1_3:inst19|dout1[6]          ; control_unit:inst|always0                  ; yes                    ;
; alp:inst2|demultiplexer1_3:inst19|dout1[5]          ; control_unit:inst|always0                  ; yes                    ;
; alp:inst2|demultiplexer1_3:inst19|dout1[4]          ; control_unit:inst|always0                  ; yes                    ;
; alp:inst2|demultiplexer1_3:inst19|dout1[3]          ; control_unit:inst|always0                  ; yes                    ;
; alp:inst2|demultiplexer1_3:inst19|dout1[2]          ; control_unit:inst|always0                  ; yes                    ;
; alp:inst2|demultiplexer1_3:inst19|dout1[1]          ; control_unit:inst|always0                  ; yes                    ;
; alp:inst2|demultiplexer1_3:inst19|dout1[0]          ; control_unit:inst|always0                  ; yes                    ;
; alp:inst2|demultiplexer1_3:inst19|dout2[7]          ; alp:inst2|demultiplexer1_3:inst19|Decoder0 ; yes                    ;
; alp:inst2|demultiplexer1_3:inst111|dout2[7]         ; alp:inst2|demultiplexer1_3:inst19|Decoder0 ; yes                    ;
; alp:inst2|demultiplexer1_3:inst111|dout2[0]         ; alp:inst2|demultiplexer1_3:inst19|Decoder0 ; yes                    ;
; alp:inst2|demultiplexer1_3:inst19|dout2[6]          ; alp:inst2|demultiplexer1_3:inst19|Decoder0 ; yes                    ;
; alp:inst2|demultiplexer1_3:inst19|dout2[5]          ; alp:inst2|demultiplexer1_3:inst19|Decoder0 ; yes                    ;
; alp:inst2|demultiplexer1_3:inst19|dout2[4]          ; alp:inst2|demultiplexer1_3:inst19|Decoder0 ; yes                    ;
; alp:inst2|demultiplexer1_3:inst19|dout2[3]          ; alp:inst2|demultiplexer1_3:inst19|Decoder0 ; yes                    ;
; alp:inst2|demultiplexer1_3:inst19|dout2[2]          ; alp:inst2|demultiplexer1_3:inst19|Decoder0 ; yes                    ;
; alp:inst2|demultiplexer1_3:inst19|dout2[1]          ; alp:inst2|demultiplexer1_3:inst19|Decoder0 ; yes                    ;
; alp:inst2|demultiplexer1_3:inst19|dout2[0]          ; alp:inst2|demultiplexer1_3:inst19|Decoder0 ; yes                    ;
; alp:inst2|demultiplexer1_3:inst111|dout2[1]         ; alp:inst2|demultiplexer1_3:inst19|Decoder0 ; yes                    ;
; alp:inst2|demultiplexer1_3:inst111|dout2[2]         ; alp:inst2|demultiplexer1_3:inst19|Decoder0 ; yes                    ;
; alp:inst2|demultiplexer1_3:inst111|dout2[3]         ; alp:inst2|demultiplexer1_3:inst19|Decoder0 ; yes                    ;
; alp:inst2|demultiplexer1_3:inst111|dout2[4]         ; alp:inst2|demultiplexer1_3:inst19|Decoder0 ; yes                    ;
; alp:inst2|demultiplexer1_3:inst111|dout2[5]         ; alp:inst2|demultiplexer1_3:inst19|Decoder0 ; yes                    ;
; alp:inst2|demultiplexer1_3:inst111|dout2[6]         ; alp:inst2|demultiplexer1_3:inst19|Decoder0 ; yes                    ;
; Number of user-specified and inferred latches = 48  ;                                            ;                        ;
+-----------------------------------------------------+--------------------------------------------+------------------------+
Note: All latches listed above may not be present at the end of synthesis due to various synthesis optimizations.


+------------------------------------------------------+
; General Register Statistics                          ;
+----------------------------------------------+-------+
; Statistic                                    ; Value ;
+----------------------------------------------+-------+
; Total registers                              ; 51    ;
; Number of registers using Synchronous Clear  ; 8     ;
; Number of registers using Synchronous Load   ; 15    ;
; Number of registers using Asynchronous Clear ; 0     ;
; Number of registers using Asynchronous Load  ; 0     ;
; Number of registers using Clock Enable       ; 16    ;
; Number of registers using Preset             ; 0     ;
+----------------------------------------------+-------+


+-------------------------------------------------------------------------------------------------------------------------------------------------------------+
; Multiplexer Restructuring Statistics (Restructuring Performed)                                                                                              ;
+--------------------+-----------+---------------+----------------------+------------------------+------------+-----------------------------------------------+
; Multiplexer Inputs ; Bus Width ; Baseline Area ; Area if Restructured ; Saving if Restructured ; Registered ; Example Multiplexer Output                    ;
+--------------------+-----------+---------------+----------------------+------------------------+------------+-----------------------------------------------+
; 7:1                ; 8 bits    ; 32 LEs        ; 24 LEs               ; 8 LEs                  ; Yes        ; |overall|alp:inst2|simple_reg_we:inst2|out[7] ;
; 13:1               ; 8 bits    ; 64 LEs        ; 48 LEs               ; 16 LEs                 ; Yes        ; |overall|alp:inst2|simple_reg_we:inst3|out[7] ;
; 3:1                ; 8 bits    ; 16 LEs        ; 8 LEs                ; 8 LEs                  ; No         ; |overall|alp:inst2|alu:inst|Add0              ;
; 3:1                ; 8 bits    ; 16 LEs        ; 8 LEs                ; 8 LEs                  ; No         ; |overall|alp:inst2|alu:inst|Add0              ;
+--------------------+-----------+---------------+----------------------+------------------------+------------+-----------------------------------------------+


+----------------------------------------------------------------------------+
; Parameter Settings for User Entity Instance: alp:inst2|simple_reg_we:inst3 ;
+----------------+-------+---------------------------------------------------+
; Parameter Name ; Value ; Type                                              ;
+----------------+-------+---------------------------------------------------+
; W              ; 8     ; Signed Integer                                    ;
+----------------+-------+---------------------------------------------------+
Note: In order to hide this table in the UI and the text report file, please set the "Show Parameter Settings in Synthesis Report" option in "Analysis and Synthesis Settings -> More Settings" to "Off".


+------------------------------------------------------------------------------------------+
; Parameter Settings for User Entity Instance: alp:inst2|mux_4to1_differentcontrols:inst14 ;
+----------------+-------+-----------------------------------------------------------------+
; Parameter Name ; Value ; Type                                                            ;
+----------------+-------+-----------------------------------------------------------------+
; W              ; 8     ; Signed Integer                                                  ;
+----------------+-------+-----------------------------------------------------------------+
Note: In order to hide this table in the UI and the text report file, please set the "Show Parameter Settings in Synthesis Report" option in "Analysis and Synthesis Settings -> More Settings" to "Off".


+--------------------------------------------------------------------------------+
; Parameter Settings for User Entity Instance: alp:inst2|demultiplexer1_3:inst19 ;
+----------------+-------+-------------------------------------------------------+
; Parameter Name ; Value ; Type                                                  ;
+----------------+-------+-------------------------------------------------------+
; W              ; 8     ; Signed Integer                                        ;
+----------------+-------+-------------------------------------------------------+
Note: In order to hide this table in the UI and the text report file, please set the "Show Parameter Settings in Synthesis Report" option in "Analysis and Synthesis Settings -> More Settings" to "Off".


+----------------------------------------------------------------------------+
; Parameter Settings for User Entity Instance: alp:inst2|simple_reg_we:inst2 ;
+----------------+-------+---------------------------------------------------+
; Parameter Name ; Value ; Type                                              ;
+----------------+-------+---------------------------------------------------+
; W              ; 8     ; Signed Integer                                    ;
+----------------+-------+---------------------------------------------------+
Note: In order to hide this table in the UI and the text report file, please set the "Show Parameter Settings in Synthesis Report" option in "Analysis and Synthesis Settings -> More Settings" to "Off".


+------------------------------------------------------------------------------------------+
; Parameter Settings for User Entity Instance: alp:inst2|mux_4to1_differentcontrols:inst15 ;
+----------------+-------+-----------------------------------------------------------------+
; Parameter Name ; Value ; Type                                                            ;
+----------------+-------+-----------------------------------------------------------------+
; W              ; 8     ; Signed Integer                                                  ;
+----------------+-------+-----------------------------------------------------------------+
Note: In order to hide this table in the UI and the text report file, please set the "Show Parameter Settings in Synthesis Report" option in "Analysis and Synthesis Settings -> More Settings" to "Off".


+---------------------------------------------------------------------------------+
; Parameter Settings for User Entity Instance: alp:inst2|demultiplexer1_3:inst111 ;
+----------------+-------+--------------------------------------------------------+
; Parameter Name ; Value ; Type                                                   ;
+----------------+-------+--------------------------------------------------------+
; W              ; 8     ; Signed Integer                                         ;
+----------------+-------+--------------------------------------------------------+
Note: In order to hide this table in the UI and the text report file, please set the "Show Parameter Settings in Synthesis Report" option in "Analysis and Synthesis Settings -> More Settings" to "Off".


+----------------------------------------------------------------------------------------+
; Parameter Settings for User Entity Instance: alp:inst2|constant_value_generator:inst12 ;
+----------------+-------+---------------------------------------------------------------+
; Parameter Name ; Value ; Type                                                          ;
+----------------+-------+---------------------------------------------------------------+
; W              ; 8     ; Signed Integer                                                ;
; D              ; 0     ; Signed Integer                                                ;
+----------------+-------+---------------------------------------------------------------+
Note: In order to hide this table in the UI and the text report file, please set the "Show Parameter Settings in Synthesis Report" option in "Analysis and Synthesis Settings -> More Settings" to "Off".


+-----------------------------------------------------------------+
; Parameter Settings for User Entity Instance: alp:inst2|alu:inst ;
+----------------+-------+----------------------------------------+
; Parameter Name ; Value ; Type                                   ;
+----------------+-------+----------------------------------------+
; W              ; 8     ; Signed Integer                         ;
+----------------+-------+----------------------------------------+
Note: In order to hide this table in the UI and the text report file, please set the "Show Parameter Settings in Synthesis Report" option in "Analysis and Synthesis Settings -> More Settings" to "Off".


+----------------------------------------------------------------+
; Parameter Settings for User Entity Instance: control_unit:inst ;
+----------------+-------+---------------------------------------+
; Parameter Name ; Value ; Type                                  ;
+----------------+-------+---------------------------------------+
; S0             ; 0     ; Signed Integer                        ;
; S1             ; 1     ; Signed Integer                        ;
; S2             ; 2     ; Signed Integer                        ;
; S3             ; 3     ; Signed Integer                        ;
; S4             ; 4     ; Signed Integer                        ;
+----------------+-------+---------------------------------------+
Note: In order to hide this table in the UI and the text report file, please set the "Show Parameter Settings in Synthesis Report" option in "Analysis and Synthesis Settings -> More Settings" to "Off".


+-----------------------------------------------------+
; Post-Synthesis Netlist Statistics for Top Partition ;
+-----------------------+-----------------------------+
; Type                  ; Count                       ;
+-----------------------+-----------------------------+
; boundary_port         ; 31                          ;
; cycloneiii_ff         ; 51                          ;
;     ENA               ; 8                           ;
;     ENA SCLR SLD      ; 8                           ;
;     SLD               ; 7                           ;
;     plain             ; 28                          ;
; cycloneiii_lcell_comb ; 557                         ;
;     arith             ; 213                         ;
;         2 data inputs ; 69                          ;
;         3 data inputs ; 144                         ;
;     normal            ; 344                         ;
;         0 data inputs ; 15                          ;
;         1 data inputs ; 5                           ;
;         2 data inputs ; 40                          ;
;         3 data inputs ; 208                         ;
;         4 data inputs ; 76                          ;
;                       ;                             ;
; Max LUT depth         ; 28.90                       ;
; Average LUT depth     ; 17.07                       ;
+-----------------------+-----------------------------+


+-------------------------------+
; Elapsed Time Per Partition    ;
+----------------+--------------+
; Partition Name ; Elapsed Time ;
+----------------+--------------+
; Top            ; 00:00:02     ;
+----------------+--------------+


+-------------------------------+
; Analysis & Synthesis Messages ;
+-------------------------------+
Info: *******************************************************************
Info: Running Quartus II 64-Bit Analysis & Synthesis
    Info: Version 15.0.2 Build 153 07/15/2015 SJ Web Edition
    Info: Processing started: Tue Apr 03 21:42:37 2018
Info: Command: quartus_map --read_settings_files=on --write_settings_files=off de0nano_embedding -c de0nano_embedding
Info (11104): Parallel Compilation has detected 4 hyper-threaded processors. However, the extra hyper-threaded processors will not be used by default. Parallel Compilation will use 2 of the 2 physical processors detected instead.
Info (12021): Found 1 design units, including 1 entities, in source file test_mux_4to1.v
    Info (12023): Found entity 1: test_mux_4to1
Info (12021): Found 1 design units, including 1 entities, in source file test_mux_2to1.v
    Info (12023): Found entity 1: test_mux_2to1
Info (12021): Found 1 design units, including 1 entities, in source file test_decoder_2to4.v
    Info (12023): Found entity 1: test_decoder_2to4
Info (12021): Found 1 design units, including 1 entities, in source file test_alu.v
    Info (12023): Found entity 1: test_alu
Info (12021): Found 1 design units, including 1 entities, in source file simple_reg_we.v
    Info (12023): Found entity 1: simple_reg_we
Info (12021): Found 1 design units, including 1 entities, in source file simple_reg.v
    Info (12023): Found entity 1: simple_reg
Info (12021): Found 1 design units, including 1 entities, in source file shift_reg.v
    Info (12023): Found entity 1: shift_reg
Info (12021): Found 1 design units, including 1 entities, in source file registerfile.bdf
    Info (12023): Found entity 1: registerfile
Info (12021): Found 1 design units, including 1 entities, in source file regfile.v
    Info (12023): Found entity 1: regfile
Info (12021): Found 1 design units, including 1 entities, in source file mux_4to1.v
    Info (12023): Found entity 1: mux_4to1
Info (12021): Found 1 design units, including 1 entities, in source file mux_2to1.v
    Info (12023): Found entity 1: mux_2to1
Info (12021): Found 1 design units, including 1 entities, in source file demultiplexer1_4.v
    Info (12023): Found entity 1: demultiplexer1_4
Info (12021): Found 1 design units, including 1 entities, in source file demultiplexer1_2.v
    Info (12023): Found entity 1: demultiplexer1_2
Info (12021): Found 1 design units, including 1 entities, in source file decoder_2to4.v
    Info (12023): Found entity 1: decoder_2to4
Info (12021): Found 1 design units, including 1 entities, in source file datapath.bdf
    Info (12023): Found entity 1: datapath
Info (12021): Found 1 design units, including 1 entities, in source file constant_value_generator.v
    Info (12023): Found entity 1: constant_value_generator
Info (12021): Found 1 design units, including 1 entities, in source file alu.v
    Info (12023): Found entity 1: alu
Warning (12019): Can't analyze file -- file library.v is missing
Info (12021): Found 1 design units, including 1 entities, in source file de0nano_embedding.v
    Info (12023): Found entity 1: de0nano_embedding
Info (12021): Found 1 design units, including 1 entities, in source file mux_3to1_differentcontrols.v
    Info (12023): Found entity 1: mux_3to1_differentcontrols
Info (12021): Found 1 design units, including 1 entities, in source file lab2.bdf
    Info (12023): Found entity 1: lab2
Warning (10463): Verilog HDL Declaration warning at multiplier.v(13): "bit" is SystemVerilog-2005 keyword
Info (12021): Found 1 design units, including 1 entities, in source file multiplier.v
    Info (12023): Found entity 1: multiplier
Warning (10463): Verilog HDL Declaration warning at divider.v(15): "bit" is SystemVerilog-2005 keyword
Info (12021): Found 1 design units, including 1 entities, in source file divider.v
    Info (12023): Found entity 1: divider
Info (12021): Found 1 design units, including 1 entities, in source file mux_4to1_differentcontrols.v
    Info (12023): Found entity 1: mux_4to1_differentcontrols
Info (12021): Found 1 design units, including 1 entities, in source file alp.bdf
    Info (12023): Found entity 1: alp
Info (12021): Found 1 design units, including 1 entities, in source file demultiplexer1_3.v
    Info (12023): Found entity 1: demultiplexer1_3
Info (12021): Found 1 design units, including 1 entities, in source file control_unit.v
    Info (12023): Found entity 1: control_unit
Info (12021): Found 1 design units, including 1 entities, in source file overall.bdf
    Info (12023): Found entity 1: overall
Info (12021): Found 1 design units, including 1 entities, in source file schematic_multiplier.bdf
    Info (12023): Found entity 1: schematic_multiplier
Info (12021): Found 1 design units, including 1 entities, in source file adder_16bit.v
    Info (12023): Found entity 1: adder_16bit
Info (12021): Found 1 design units, including 1 entities, in source file and_bit.v
    Info (12023): Found entity 1: and_bit
Info (12021): Found 1 design units, including 1 entities, in source file adder__subter_16bit.v
    Info (12023): Found entity 1: adder__subter_16bit
Info (12021): Found 1 design units, including 1 entities, in source file shift_reg_fordivid.v
    Info (12023): Found entity 1: shift_reg_fordivid
Info (12021): Found 1 design units, including 1 entities, in source file simple_reg_we_fordivid.v
    Info (12023): Found entity 1: simple_reg_we_fordivid
Info (12021): Found 1 design units, including 1 entities, in source file schematic_divider.bdf
    Info (12023): Found entity 1: schematic_divider
Info (12021): Found 1 design units, including 1 entities, in source file alpv1.bdf
    Info (12023): Found entity 1: alpv1
Info (12021): Found 1 design units, including 1 entities, in source file control_unit_v1.v
    Info (12023): Found entity 1: control_unit_v1
Info (12021): Found 1 design units, including 1 entities, in source file overall_v1.bdf
    Info (12023): Found entity 1: overall_v1
Critical Warning (10846): Verilog HDL Instantiation warning at de0nano_embedding.v(103): instance has no name
Info (12127): Elaborating entity "overall" for the top level hierarchy
Info (12128): Elaborating entity "alp" for hierarchy "alp:inst2"
Info (12128): Elaborating entity "simple_reg_we" for hierarchy "alp:inst2|simple_reg_we:inst3"
Info (12128): Elaborating entity "mux_4to1_differentcontrols" for hierarchy "alp:inst2|mux_4to1_differentcontrols:inst14"
Info (12128): Elaborating entity "multiplier" for hierarchy "alp:inst2|multiplier:inst4"
Info (12128): Elaborating entity "demultiplexer1_3" for hierarchy "alp:inst2|demultiplexer1_3:inst19"
Warning (10240): Verilog HDL Always Construct warning at demultiplexer1_3.v(15): inferring latch(es) for variable "dout3", which holds its previous value in one or more paths through the always construct
Warning (10240): Verilog HDL Always Construct warning at demultiplexer1_3.v(15): inferring latch(es) for variable "dout1", which holds its previous value in one or more paths through the always construct
Warning (10240): Verilog HDL Always Construct warning at demultiplexer1_3.v(15): inferring latch(es) for variable "dout2", which holds its previous value in one or more paths through the always construct
Info (10041): Inferred latch for "dout2[0]" at demultiplexer1_3.v(15)
Info (10041): Inferred latch for "dout2[1]" at demultiplexer1_3.v(15)
Info (10041): Inferred latch for "dout2[2]" at demultiplexer1_3.v(15)
Info (10041): Inferred latch for "dout2[3]" at demultiplexer1_3.v(15)
Info (10041): Inferred latch for "dout2[4]" at demultiplexer1_3.v(15)
Info (10041): Inferred latch for "dout2[5]" at demultiplexer1_3.v(15)
Info (10041): Inferred latch for "dout2[6]" at demultiplexer1_3.v(15)
Info (10041): Inferred latch for "dout2[7]" at demultiplexer1_3.v(15)
Info (10041): Inferred latch for "dout1[0]" at demultiplexer1_3.v(15)
Info (10041): Inferred latch for "dout1[1]" at demultiplexer1_3.v(15)
Info (10041): Inferred latch for "dout1[2]" at demultiplexer1_3.v(15)
Info (10041): Inferred latch for "dout1[3]" at demultiplexer1_3.v(15)
Info (10041): Inferred latch for "dout1[4]" at demultiplexer1_3.v(15)
Info (10041): Inferred latch for "dout1[5]" at demultiplexer1_3.v(15)
Info (10041): Inferred latch for "dout1[6]" at demultiplexer1_3.v(15)
Info (10041): Inferred latch for "dout1[7]" at demultiplexer1_3.v(15)
Info (10041): Inferred latch for "dout3[0]" at demultiplexer1_3.v(15)
Info (10041): Inferred latch for "dout3[1]" at demultiplexer1_3.v(15)
Info (10041): Inferred latch for "dout3[2]" at demultiplexer1_3.v(15)
Info (10041): Inferred latch for "dout3[3]" at demultiplexer1_3.v(15)
Info (10041): Inferred latch for "dout3[4]" at demultiplexer1_3.v(15)
Info (10041): Inferred latch for "dout3[5]" at demultiplexer1_3.v(15)
Info (10041): Inferred latch for "dout3[6]" at demultiplexer1_3.v(15)
Info (10041): Inferred latch for "dout3[7]" at demultiplexer1_3.v(15)
Info (12128): Elaborating entity "divider" for hierarchy "alp:inst2|divider:inst5"
Info (12128): Elaborating entity "constant_value_generator" for hierarchy "alp:inst2|constant_value_generator:inst12"
Warning (10230): Verilog HDL assignment warning at constant_value_generator.v(3): truncated value with size 32 to match size of target (8)
Info (12128): Elaborating entity "alu" for hierarchy "alp:inst2|alu:inst"
Warning (10230): Verilog HDL assignment warning at alu.v(15): truncated value with size 32 to match size of target (1)
Warning (10230): Verilog HDL assignment warning at alu.v(30): truncated value with size 32 to match size of target (9)
Warning (10230): Verilog HDL assignment warning at alu.v(31): truncated value with size 32 to match size of target (1)
Warning (10230): Verilog HDL assignment warning at alu.v(46): truncated value with size 32 to match size of target (9)
Warning (10230): Verilog HDL assignment warning at alu.v(47): truncated value with size 32 to match size of target (1)
Warning (10230): Verilog HDL assignment warning at alu.v(65): truncated value with size 32 to match size of target (1)
Warning (10230): Verilog HDL assignment warning at alu.v(77): truncated value with size 32 to match size of target (1)
Warning (10230): Verilog HDL assignment warning at alu.v(89): truncated value with size 32 to match size of target (1)
Warning (10230): Verilog HDL assignment warning at alu.v(101): truncated value with size 32 to match size of target (1)
Warning (10230): Verilog HDL assignment warning at alu.v(113): truncated value with size 32 to match size of target (1)
Info (12128): Elaborating entity "control_unit" for hierarchy "control_unit:inst"
Warning (10230): Verilog HDL assignment warning at control_unit.v(15): truncated value with size 32 to match size of target (2)
Warning (10230): Verilog HDL assignment warning at control_unit.v(16): truncated value with size 32 to match size of target (2)
Warning (10230): Verilog HDL assignment warning at control_unit.v(17): truncated value with size 32 to match size of target (2)
Warning (10230): Verilog HDL assignment warning at control_unit.v(18): truncated value with size 32 to match size of target (2)
Warning (10230): Verilog HDL assignment warning at control_unit.v(19): truncated value with size 32 to match size of target (2)
Warning (10230): Verilog HDL assignment warning at control_unit.v(20): truncated value with size 32 to match size of target (2)
Warning (10230): Verilog HDL assignment warning at control_unit.v(21): truncated value with size 32 to match size of target (2)
Warning (10230): Verilog HDL assignment warning at control_unit.v(22): truncated value with size 32 to match size of target (2)
Warning (10199): Verilog HDL Case Statement warning at control_unit.v(23): case item expression never matches the case expression
Warning (10230): Verilog HDL assignment warning at control_unit.v(28): truncated value with size 32 to match size of target (2)
Warning (10199): Verilog HDL Case Statement warning at control_unit.v(39): case item expression never matches the case expression
Info (286030): Timing-Driven Synthesis is running
Info (144001): Generated suppressed messages file C:/Users/KaanFurkan/Desktop/lab2/laboratory_practice/de0nano_embedding.map.smsg
Info (16010): Generating hard_block partition "hard_block:auto_generated_inst"
    Info (16011): Adding 0 node(s), including 0 DDIO, 0 PLL, 0 transceiver and 0 LCELL
Info (21057): Implemented 596 device resources after synthesis - the final resource count might be different
    Info (21058): Implemented 15 input pins
    Info (21059): Implemented 16 output pins
    Info (21061): Implemented 565 logic cells
Info: Quartus II 64-Bit Analysis & Synthesis was successful. 0 errors, 29 warnings
    Info: Peak virtual memory: 748 megabytes
    Info: Processing ended: Tue Apr 03 21:42:56 2018
    Info: Elapsed time: 00:00:19
    Info: Total CPU time (on all processors): 00:00:35


+------------------------------------------+
; Analysis & Synthesis Suppressed Messages ;
+------------------------------------------+
The suppressed messages can be found in C:/Users/KaanFurkan/Desktop/lab2/laboratory_practice/de0nano_embedding.map.smsg.


